   Compiling dfd-kit v0.1.0 (/Users/martoeporedia/lavori/dfd-framework/dfd-kit/target/dfd-mutants-d7ql99ra)
    Finished `test` profile [unoptimized + debuginfo] target(s) in 18.04s
     Running tests/workflow.rs (/Users/martoeporedia/lavori/dfd-framework/dfd-kit/target/mutation-build/debug/deps/workflow-b4feff8855944554)

running 1 test
test lifecycle_local_suite_requires_success_fresh_logs_and_final_chronology ... FAILED

failures:

---- lifecycle_local_suite_requires_success_fresh_logs_and_final_chronology stdout ----

thread 'lifecycle_local_suite_requires_success_fresh_logs_and_final_chronology' (3497170) panicked at tests/workflow.rs:36:9:
assertion `left == right` failed: args: ["verify", "001-paypal"]
stdout: {
  "development": {
    "design_fingerprint": "8bbf6c6618275e66f9da90f04fc22bfb34bb07a19de9b6455902d4d319a07f00",
    "errors": [],
    "gate": "development-complete",
    "lifecycle": {
      "ci_required": false,
      "mode": "development-only",
      "rationale": "Pilota locale; suite finale tracciata e review prima della distribuzione",
      "schema_version": 1
    },
    "next": "development-complete",
    "plan_hash": "093eb0009396193b9d94611078a8d69a68b8edd324dbfb18ebdc0c285a71d067"
  },
  "feature": "001-paypal",
  "phase": "development-verified"
}

stderr: 
  left: Some(0)
 right: Some(2)
note: run with `RUST_BACKTRACE=1` environment variable to display a backtrace


failures:
    lifecycle_local_suite_requires_success_fresh_logs_and_final_chronology

test result: FAILED. 0 passed; 1 failed; 0 ignored; 0 measured; 55 filtered out; finished in 3.71s

error: test failed, to rerun pass `--test workflow`
