   Compiling dfd-kit v0.1.0 (/Users/martoeporedia/lavori/dfd-framework/dfd-kit/target/dfd-mutants-p2yimg47)
    Finished `test` profile [unoptimized + debuginfo] target(s) in 3.84s
     Running tests/workflow.rs (/Users/martoeporedia/lavori/dfd-framework/dfd-kit/target/mutation-build/debug/deps/workflow-b4feff8855944554)

running 1 test
test lifecycle_local_suite_requires_success_fresh_logs_and_final_chronology ... FAILED

failures:

---- lifecycle_local_suite_requires_success_fresh_logs_and_final_chronology stdout ----

thread 'lifecycle_local_suite_requires_success_fresh_logs_and_final_chronology' (3542638) panicked at tests/workflow.rs:36:9:
assertion `left == right` failed: args: ["verify", "001-paypal"]
stdout: {
  "development": {
    "design_fingerprint": "ef14ce77e1b4dc96e047dfdc7424c9703cce3fa3a6affc7fb2ef74df3c3c5d60",
    "errors": [],
    "gate": "development-complete",
    "lifecycle": {
      "ci_required": false,
      "mode": "development-only",
      "rationale": "Pilota locale; suite finale tracciata e review prima della distribuzione",
      "schema_version": 1
    },
    "next": "development-complete",
    "plan_hash": "92cd51f696229b1f3454fa9b506344f753cc19ac10e3347e89dcf2554a19facb"
  },
  "feature": "001-paypal",
  "phase": "development-verified"
}

stderr: 
  left: Some(0)
 right: Some(2)
note: run with `RUST_BACKTRACE=1` environment variable to display a backtrace


failures:
    lifecycle_local_suite_requires_success_fresh_logs_and_final_chronology

test result: FAILED. 0 passed; 1 failed; 0 ignored; 0 measured; 55 filtered out; finished in 1.98s

error: test failed, to rerun pass `--test workflow`
