   Compiling dfd-kit v0.1.0 (/Users/martoeporedia/lavori/dfd-framework/dfd-kit/target/dfd-mutants-p2yimg47)
    Finished `test` profile [unoptimized + debuginfo] target(s) in 4.35s
     Running tests/workflow.rs (/Users/martoeporedia/lavori/dfd-framework/dfd-kit/target/mutation-build/debug/deps/workflow-b4feff8855944554)

running 1 test
test development_rejects_incomplete_unknown_failed_or_unordered_evidence ... FAILED

failures:

---- development_rejects_incomplete_unknown_failed_or_unordered_evidence stdout ----

thread 'development_rejects_incomplete_unknown_failed_or_unordered_evidence' (3533147) panicked at tests/workflow.rs:36:9:
assertion `left == right` failed: args: ["verify", "001-paypal"]
stdout: {
  "development": {
    "design_fingerprint": "1e46ca302275ef5ec46bf4590485b11d8fd03918b2d36bd5c5b9cef0ba9bbf6c",
    "errors": [],
    "gate": "ready-for-pre-release",
    "lifecycle": {
      "ci_required": true,
      "mode": "release-preparation",
      "rationale": "Compatibilità legacy: CI richiesta prima della pre-release.",
      "schema_version": 1
    },
    "next": "dfd-pre-release",
    "plan_hash": "484ddd62acd75d25faa24f6d5af0a1dc426541d0e9a2c5f8ea67d9405f280138"
  },
  "feature": "001-paypal",
  "phase": "development-verified"
}

stderr: 
  left: Some(0)
 right: Some(2)
note: run with `RUST_BACKTRACE=1` environment variable to display a backtrace


failures:
    development_rejects_incomplete_unknown_failed_or_unordered_evidence

test result: FAILED. 0 passed; 1 failed; 0 ignored; 0 measured; 55 filtered out; finished in 5.09s

error: test failed, to rerun pass `--test workflow`
