   Compiling dfd-kit v0.1.0 (/Users/martoeporedia/lavori/dfd-framework/dfd-kit/target/dfd-mutants-yo_w00mt)
warning: unused variable: `store`
   --> src/lib.rs:867:9
    |
867 | fn gate(store: &Store, state: &State, errors: &[String]) -> Result<&'static str> {
    |         ^^^^^ help: if this is intentional, prefix it with an underscore: `_store`
    |
    = note: `#[warn(unused_variables)]` (part of `#[warn(unused)]`) on by default

warning: `dfd-kit` (lib) generated 1 warning (run `cargo fix --lib -p dfd-kit` to apply 1 suggestion)
    Finished `test` profile [unoptimized + debuginfo] target(s) in 0.73s
     Running tests/workflow.rs (/Users/martoeporedia/lavori/dfd-framework/dfd-kit/target/mutation-build/debug/deps/workflow-b4feff8855944554)

running 1 test
test document_changes_require_review_reconfirmation_and_keep_history ... FAILED

failures:

---- document_changes_require_review_reconfirmation_and_keep_history stdout ----

thread 'document_changes_require_review_reconfirmation_and_keep_history' (1979063) panicked at tests/workflow.rs:440:9:
assertion `left == right` failed: .dfd/features/001-paypal/spec.md
  left: String("approved")
 right: "stale-review"
note: run with `RUST_BACKTRACE=1` environment variable to display a backtrace


failures:
    document_changes_require_review_reconfirmation_and_keep_history

test result: FAILED. 0 passed; 1 failed; 0 ignored; 0 measured; 50 filtered out; finished in 0.81s

error: test failed, to rerun pass `--test workflow`
