   Compiling dfd-kit v0.1.0 (/Users/martoeporedia/lavori/dfd-framework/dfd-kit/target/dfd-mutants-6yenoi8x)
warning: unused variable: `fingerprint`
   --> src/quick.rs:253:9
    |
253 |     let fingerprint = fingerprint(store, &change)?;
    |         ^^^^^^^^^^^ help: if this is intentional, prefix it with an underscore: `_fingerprint`
    |
    = note: `#[warn(unused_variables)]` (part of `#[warn(unused)]`) on by default

warning: `dfd-kit` (lib) generated 1 warning (run `cargo fix --lib -p dfd-kit` to apply 1 suggestion)
    Finished `test` profile [unoptimized + debuginfo] target(s) in 3.91s
     Running tests/workflow.rs (/Users/martoeporedia/lavori/dfd-framework/dfd-kit/target/mutation-build/debug/deps/workflow-b4feff8855944554)

running 1 test
test rapid_reviews_and_logs_are_bound_to_files_and_revision ... FAILED

failures:

---- rapid_reviews_and_logs_are_bound_to_files_and_revision stdout ----

thread 'rapid_reviews_and_logs_are_bound_to_files_and_revision' (3852240) panicked at tests/workflow.rs:36:9:
assertion `left == right` failed: args: ["verify", "fix-message"]
stdout: {
  "change": "fix-message",
  "collaboration": {
    "branch": "fix/a",
    "integration": null,
    "issue": "",
    "owner": "Alice",
    "pull_request": "pr-1",
    "revision": "rev-2",
    "schema_version": 1
  },
  "decisions": [
    {
      "conditions": [],
      "decision": "approved",
      "files": [
        {
          "path": "src/fix.rs",
          "sha256": "114d01337552ac9967ef484fded6c4813e7c799cd3da8963f66f07f28c1a96e2"
        }
      ],
      "fingerprint": "7fb8009263912054c9060322578d9a8a2a3bc0426b81332bad88e4db0fccf86e",
      "note": "Review della PR effettuata sul cambiamento",
      "recorded_at": "2026-10-09T20:00:07.420593Z",
      "reference": "pr-1",
      "reviewer": "Bob",
      "revision": "rev-1",
      "role": "reviewer"
    }
  ],
  "domain": "checkout",
  "errors": [],
  "gate": "change-verified",
  "independent_review_required": false,
  "next": "development-complete",
  "owner": "Alice",
  "release": "not-approved",
  "route": "rapid"
}

stderr: 
  left: Some(0)
 right: Some(2)
note: run with `RUST_BACKTRACE=1` environment variable to display a backtrace


failures:
    rapid_reviews_and_logs_are_bound_to_files_and_revision

test result: FAILED. 0 passed; 1 failed; 0 ignored; 0 measured; 64 filtered out; finished in 1.68s

error: test failed, to rerun pass `--test workflow`
