   Compiling dfd-kit v0.1.0 (/Users/martoeporedia/lavori/dfd-framework/dfd-kit/target/dfd-mutants-6yenoi8x)
warning: unused variable: `policy`
   --> src/collaboration.rs:122:31
    |
122 | pub(super) fn reviewer_errors(policy: &Policy, owner: &str, decision: &Decision) -> Vec<String> {
    |                               ^^^^^^ help: if this is intentional, prefix it with an underscore: `_policy`
    |
    = note: `#[warn(unused_variables)]` (part of `#[warn(unused)]`) on by default

warning: unused variable: `owner`
   --> src/collaboration.rs:122:48
    |
122 | pub(super) fn reviewer_errors(policy: &Policy, owner: &str, decision: &Decision) -> Vec<String> {
    |                                                ^^^^^ help: if this is intentional, prefix it with an underscore: `_owner`

warning: unused variable: `decision`
   --> src/collaboration.rs:122:61
    |
122 | pub(super) fn reviewer_errors(policy: &Policy, owner: &str, decision: &Decision) -> Vec<String> {
    |                                                             ^^^^^^^^ help: if this is intentional, prefix it with an underscore: `_decision`

warning: `dfd-kit` (lib) generated 3 warnings (run `cargo fix --lib -p dfd-kit` to apply 3 suggestions)
    Finished `test` profile [unoptimized + debuginfo] target(s) in 3.82s
     Running tests/workflow.rs (/Users/martoeporedia/lavori/dfd-framework/dfd-kit/target/mutation-build/debug/deps/workflow-b4feff8855944554)

running 1 test
test team_requires_independent_review_and_integrated_current_evidence ... FAILED

failures:

---- team_requires_independent_review_and_integrated_current_evidence stdout ----

thread 'team_requires_independent_review_and_integrated_current_evidence' (3853396) panicked at tests/workflow.rs:36:9:
assertion `left == right` failed: args: ["decide", "fix-message", "--decision", "approved", "--reviewer", "Alice", "--role", "reviewer", "--note", "Review della PR effettuata sul cambiamento", "--human-confirmed"]
stdout: {
  "change": "fix-message",
  "collaboration": {
    "branch": "fix/a",
    "integration": null,
    "issue": "",
    "owner": "Alice",
    "pull_request": "pr-1",
    "revision": "rev-1",
    "schema_version": 1
  },
  "decisions": [
    {
      "conditions": [],
      "decision": "approved",
      "files": [
        {
          "path": "src/fix.rs",
          "sha256": "114d01337552ac9967ef484fded6c4813e7c799cd3da8963f66f07f28c1a96e2"
        }
      ],
      "fingerprint": "018555f2c02ffbc3f657144a85944e571da6023b0754fdfeed7cdfb409fd5cf6",
      "note": "Review della PR effettuata sul cambiamento",
      "recorded_at": "2026-10-09T20:00:20.026951Z",
      "reference": "pr-1",
      "reviewer": "Alice",
      "revision": "rev-1",
      "role": "reviewer"
    }
  ],
  "domain": "checkout",
  "errors": [],
  "gate": "change-verified",
  "independent_review_required": true,
  "next": "development-complete",
  "owner": "Alice",
  "release": "not-approved",
  "route": "rapid"
}

stderr: 
  left: Some(0)
 right: Some(1)
note: run with `RUST_BACKTRACE=1` environment variable to display a backtrace


failures:
    team_requires_independent_review_and_integrated_current_evidence

test result: FAILED. 0 passed; 1 failed; 0 ignored; 0 measured; 64 filtered out; finished in 1.53s

error: test failed, to rerun pass `--test workflow`
