   Compiling dfd-kit v0.1.0 (/Users/martoeporedia/lavori/dfd-framework/dfd-kit/target/dfd-mutants-6yenoi8x)
    Finished `test` profile [unoptimized + debuginfo] target(s) in 3.88s
     Running tests/workflow.rs (/Users/martoeporedia/lavori/dfd-framework/dfd-kit/target/mutation-build/debug/deps/workflow-b4feff8855944554)

running 1 test
test team_requires_independent_review_and_integrated_current_evidence ... FAILED

failures:

---- team_requires_independent_review_and_integrated_current_evidence stdout ----

thread 'team_requires_independent_review_and_integrated_current_evidence' (3854449) panicked at tests/workflow.rs:36:9:
assertion `left == right` failed: args: ["pre-release", "001-paypal", "--refresh"]
stdout: {
  "feature": "001-paypal",
  "release": {
    "checklist": "review_release_light.md",
    "decisions": [],
    "errors": [],
    "gate": "awaiting-human-review",
    "next": "dfd-review-release",
    "pending_activation": []
  },
  "resumed": true
}

stderr: 
  left: Some(0)
 right: Some(1)
note: run with `RUST_BACKTRACE=1` environment variable to display a backtrace


failures:
    team_requires_independent_review_and_integrated_current_evidence

test result: FAILED. 0 passed; 1 failed; 0 ignored; 0 measured; 64 filtered out; finished in 2.86s

error: test failed, to rerun pass `--test workflow`
